
> dcb-platform@0.1.0 build-storybook
> storybook build --output-dir=/private/var/folders/km/kyc5j2ss61g_h46brvr1pt1c0000gp/T/chromatic--11797-V573cDFsAVKv

[1m@storybook/core v8.6.18
[22m
info => Cleaning outputDir: [36m../../../../../../private/var/folders/km/kyc5j2ss61g_h46brvr1pt1c0000gp/T/chromatic--11797-V573cDFsAVKv[39m
info => Loading presets
info => Building manager..
WARN unable to find package.json for @mui/icons-material
info => Manager built ([38;2;181;126;229m68 ms[39m)
info => Building preview..
info Using tsconfig paths for react-docgen
[36mvite v5.4.21 [32mbuilding for production...[36m[39m
transforming...
[32m✓[39m 2623 modules transformed.
rendering chunks...
computing gzip size...
[2m../../../../../../private/var/folders/km/kyc5j2ss61g_h46brvr1pt1c0000gp/T/chromatic--11797-V573cDFsAVKv/[22m[32miframe.html                                        [39m[1m[2m 17.59 kB[22m[1m[22m[2m │ gzip:   4.99 kB[22m
[2m../../../../../../private/var/folders/km/kyc5j2ss61g_h46brvr1pt1c0000gp/T/chromatic--11797-V573cDFsAVKv/[22m[2massets/[22m[36museEnhancedEffect-DQnrM4WY.js               [39m[1m[2m  0.11 kB[22m[1m[22m[2m │ gzip:   0.12 kB[22m
[2m../../../../../../private/var/folders/km/kyc5j2ss61g_h46brvr1pt1c0000gp/T/chromatic--11797-V573cDFsAVKv/[22m[2massets/[22m[36mownerWindow-6z4QwRpV.js                     [39m[1m[2m  0.11 kB[22m[1m[22m[2m │ gzip:   0.11 kB[22m
[2m../../../../../../private/var/folders/km/kyc5j2ss61g_h46brvr1pt1c0000gp/T/chromatic--11797-V573cDFsAVKv/[22m[2massets/[22m[36mdebounce-Be36O1Ab.js                        [39m[1m[2m  0.16 kB[22m[1m[22m[2m │ gzip:   0.14 kB[22m
[2m../../../../../../private/var/folders/km/kyc5j2ss61g_h46brvr1pt1c0000gp/T/chromatic--11797-V573cDFsAVKv/[22m[2massets/[22m[36mpreview-CvbIS5ZJ.js                         [39m[1m[2m  0.18 kB[22m[1m[22m[2m │ gzip:   0.16 kB[22m
[2m../../../../../../private/var/folders/km/kyc5j2ss61g_h46brvr1pt1c0000gp/T/chromatic--11797-V573cDFsAVKv/[22m[2massets/[22m[36mcreateSimplePaletteValueFilter-bm0fmN_7.js  [39m[1m[2m  0.22 kB[22m[1m[22m[2m │ gzip:   0.17 kB[22m
[2m../../../../../../private/var/folders/km/kyc5j2ss61g_h46brvr1pt1c0000gp/T/chromatic--11797-V573cDFsAVKv/[22m[2massets/[22m[36museTheme-Bb_dsFhf.js                        [39m[1m[2m  0.23 kB[22m[1m[22m[2m │ gzip:   0.19 kB[22m
[2m../../../../../../private/var/folders/km/kyc5j2ss61g_h46brvr1pt1c0000gp/T/chromatic--11797-V573cDFsAVKv/[22m[2massets/[22m[36m_commonjsHelpers-Cpj98o6Y.js                [39m[1m[2m  0.24 kB[22m[1m[22m[2m │ gzip:   0.18 kB[22m
[2m../../../../../../private/var/folders/km/kyc5j2ss61g_h46brvr1pt1c0000gp/T/chromatic--11797-V573cDFsAVKv/[22m[2massets/[22m[36mindex-axqA0SNU.js                           [39m[1m[2m  0.24 kB[22m[1m[22m[2m │ gzip:   0.20 kB[22m
[2m../../../../../../private/var/folders/km/kyc5j2ss61g_h46brvr1pt1c0000gp/T/chromatic--11797-V573cDFsAVKv/[22m[2massets/[22m[36museTheme-DVQGRhup.js                        [39m[1m[2m  0.27 kB[22m[1m[22m[2m │ gzip:   0.21 kB[22m
[2m../../../../../../private/var/folders/km/kyc5j2ss61g_h46brvr1pt1c0000gp/T/chromatic--11797-V573cDFsAVKv/[22m[2massets/[22m[36museId-CtX9hXrD.js                           [39m[1m[2m  0.27 kB[22m[1m[22m[2m │ gzip:   0.22 kB[22m
[2m../../../../../../private/var/folders/km/kyc5j2ss61g_h46brvr1pt1c0000gp/T/chromatic--11797-V573cDFsAVKv/[22m[2massets/[22m[36museFormControl-RfqF0jTV.js                  [39m[1m[2m  0.31 kB[22m[1m[22m[2m │ gzip:   0.24 kB[22m
[2m../../../../../../private/var/folders/km/kyc5j2ss61g_h46brvr1pt1c0000gp/T/chromatic--11797-V573cDFsAVKv/[22m[2massets/[22m[36mplus-B4QrDadr.js                            [39m[1m[2m  0.33 kB[22m[1m[22m[2m │ gzip:   0.26 kB[22m
[2m../../../../../../private/var/folders/km/kyc5j2ss61g_h46brvr1pt1c0000gp/T/chromatic--11797-V573cDFsAVKv/[22m[2massets/[22m[36mx-DiwzGV4j.js                               [39m[1m[2m  0.33 kB[22m[1m[22m[2m │ gzip:   0.26 kB[22m
[2m../../../../../../private/var/folders/km/kyc5j2ss61g_h46brvr1pt1c0000gp/T/chromatic--11797-V573cDFsAVKv/[22m[2massets/[22m[36minfo-CdUgwT_3.js                            [39m[1m[2m  0.38 kB[22m[1m[22m[2m │ gzip:   0.28 kB[22m
[2m../../../../../../private/var/folders/km/kyc5j2ss61g_h46brvr1pt1c0000gp/T/chromatic--11797-V573cDFsAVKv/[22m[2massets/[22m[36mellipsis-Cpuo49gN.js                        [39m[1m[2m  0.40 kB[22m[1m[22m[2m │ gzip:   0.27 kB[22m
[2m../../../../../../private/var/folders/km/kyc5j2ss61g_h46brvr1pt1c0000gp/T/chromatic--11797-V573cDFsAVKv/[22m[2massets/[22m[36museSlotProps-B-c5YBKM.js                    [39m[1m[2m  0.40 kB[22m[1m[22m[2m │ gzip:   0.29 kB[22m
[2m../../../../../../private/var/folders/km/kyc5j2ss61g_h46brvr1pt1c0000gp/T/chromatic--11797-V573cDFsAVKv/[22m[2massets/[22m[36mdownload-Ufeg9zYA.js                        [39m[1m[2m  0.44 kB[22m[1m[22m[2m │ gzip:   0.33 kB[22m
[2m../../../../../../private/var/folders/km/kyc5j2ss61g_h46brvr1pt1c0000gp/T/chromatic--11797-V573cDFsAVKv/[22m[2massets/[22m[36mtriangle-alert-CLghBIEB.js                  [39m[1m[2m  0.44 kB[22m[1m[22m[2m │ gzip:   0.32 kB[22m
[2m../../../../../../private/var/folders/km/kyc5j2ss61g_h46brvr1pt1c0000gp/T/chromatic--11797-V573cDFsAVKv/[22m[2massets/[22m[36mindex-B1KoZos2.js                           [39m[1m[2m  0.46 kB[22m[1m[22m[2m │ gzip:   0.30 kB[22m
[2m../../../../../../private/var/folders/km/kyc5j2ss61g_h46brvr1pt1c0000gp/T/chromatic--11797-V573cDFsAVKv/[22m[2massets/[22m[36mextendSxProp-EWyUXDqN.js                    [39m[1m[2m  0.49 kB[22m[1m[22m[2m │ gzip:   0.32 kB[22m
[2m../../../../../../private/var/folders/km/kyc5j2ss61g_h46brvr1pt1c0000gp/T/chromatic--11797-V573cDFsAVKv/[22m[2massets/[22m[36msquare-pen-CXVyz_MS.js                      [39m[1m[2m  0.50 kB[22m[1m[22m[2m │ gzip:   0.35 kB[22m
[2m../../../../../../private/var/folders/km/kyc5j2ss61g_h46brvr1pt1c0000gp/T/chromatic--11797-V573cDFsAVKv/[22m[2massets/[22m[36mtrash-2-m13tHCNx.js                         [39m[1m[2m  0.54 kB[22m[1m[22m[2m │ gzip:   0.35 kB[22m
[2m../../../../../../private/var/folders/km/kyc5j2ss61g_h46brvr1pt1c0000gp/T/chromatic--11797-V573cDFsAVKv/[22m[2massets/[22m[36mjsx-runtime-BjG_zV1W.js                     [39m[1m[2m  0.64 kB[22m[1m[22m[2m │ gzip:   0.42 kB[22m
[2m../../../../../../private/var/folders/km/kyc5j2ss61g_h46brvr1pt1c0000gp/T/chromatic--11797-V573cDFsAVKv/[22m[2massets/[22m[36mchunk-XP5HYGXS-rhzvizV_.js                  [39m[1m[2m  0.71 kB[22m[1m[22m[2m │ gzip:   0.40 kB[22m
[2m../../../../../../private/var/folders/km/kyc5j2ss61g_h46brvr1pt1c0000gp/T/chromatic--11797-V573cDFsAVKv/[22m[2massets/[22m[36mpreview-DGUiP6tS.js                         [39m[1m[2m  0.71 kB[22m[1m[22m[2m │ gzip:   0.50 kB[22m
[2m../../../../../../private/var/folders/km/kyc5j2ss61g_h46brvr1pt1c0000gp/T/chromatic--11797-V573cDFsAVKv/[22m[2massets/[22m[36mpaintbrush-BPY8s0o5.js                      [39m[1m[2m  0.72 kB[22m[1m[22m[2m │ gzip:   0.45 kB[22m
[2m../../../../../../private/var/folders/km/kyc5j2ss61g_h46brvr1pt1c0000gp/T/chromatic--11797-V573cDFsAVKv/[22m[2massets/[22m[36mBox-CKQU9v3N.js                             [39m[1m[2m  0.73 kB[22m[1m[22m[2m │ gzip:   0.45 kB[22m
[2m../../../../../../private/var/folders/km/kyc5j2ss61g_h46brvr1pt1c0000gp/T/chromatic--11797-V573cDFsAVKv/[22m[2massets/[22m[36mindex-DrFu-skq.js                           [39m[1m[2m  0.77 kB[22m[1m[22m[2m │ gzip:   0.47 kB[22m
[2m../../../../../../private/var/folders/km/kyc5j2ss61g_h46brvr1pt1c0000gp/T/chromatic--11797-V573cDFsAVKv/[22m[2massets/[22m[36mreact-18-lcFFadfo.js                        [39m[1m[2m  0.84 kB[22m[1m[22m[2m │ gzip:   0.50 kB[22m
[2m../../../../../../private/var/folders/km/kyc5j2ss61g_h46brvr1pt1c0000gp/T/chromatic--11797-V573cDFsAVKv/[22m[2massets/[22m[36mmergeSlotProps-LC2WBOgZ.js                  [39m[1m[2m  0.89 kB[22m[1m[22m[2m │ gzip:   0.36 kB[22m
[2m../../../../../../private/var/folders/km/kyc5j2ss61g_h46brvr1pt1c0000gp/T/chromatic--11797-V573cDFsAVKv/[22m[2massets/[22m[36mpreview-CkMmqpNE.js                         [39m[1m[2m  0.92 kB[22m[1m[22m[2m │ gzip:   0.59 kB[22m
[2m../../../../../../private/var/folders/km/kyc5j2ss61g_h46brvr1pt1c0000gp/T/chromatic--11797-V573cDFsAVKv/[22m[2massets/[22m[36mDefaultPropsProvider-DWPpfyJB.js            [39m[1m[2m  1.04 kB[22m[1m[22m[2m │ gzip:   0.54 kB[22m
[2m../../../../../../private/var/folders/km/kyc5j2ss61g_h46brvr1pt1c0000gp/T/chromatic--11797-V573cDFsAVKv/[22m[2massets/[22m[36mCard-B7BbwVsr.js                            [39m[1m[2m  1.05 kB[22m[1m[22m[2m │ gzip:   0.59 kB[22m
[2m../../../../../../private/var/folders/km/kyc5j2ss61g_h46brvr1pt1c0000gp/T/chromatic--11797-V573cDFsAVKv/[22m[2massets/[22m[36mtest-utils-CEey6oHb.js                      [39m[1m[2m  1.07 kB[22m[1m[22m[2m │ gzip:   0.68 kB[22m
[2m../../../../../../private/var/folders/km/kyc5j2ss61g_h46brvr1pt1c0000gp/T/chromatic--11797-V573cDFsAVKv/[22m[2massets/[22m[36mindex-xU2ZjufM.js                           [39m[1m[2m  1.09 kB[22m[1m[22m[2m │ gzip:   0.59 kB[22m
[2m../../../../../../private/var/folders/km/kyc5j2ss61g_h46brvr1pt1c0000gp/T/chromatic--11797-V573cDFsAVKv/[22m[2massets/[22m[36mIconButton-DCVJCUzt.js                      [39m[1m[2m  1.23 kB[22m[1m[22m[2m │ gzip:   0.59 kB[22m
[2m../../../../../../private/var/folders/km/kyc5j2ss61g_h46brvr1pt1c0000gp/T/chromatic--11797-V573cDFsAVKv/[22m[2massets/[22m[36mPageHeader-B64Lkg4V.js                      [39m[1m[2m  1.35 kB[22m[1m[22m[2m │ gzip:   0.67 kB[22m
[2m../../../../../../private/var/folders/km/kyc5j2ss61g_h46brvr1pt1c0000gp/T/chromatic--11797-V573cDFsAVKv/[22m[2massets/[22m[36mcreateLucideIcon-Cp6NmTMU.js                [39m[1m[2m  1.58 kB[22m[1m[22m[2m │ gzip:   0.66 kB[22m
[2m../../../../../../private/var/folders/km/kyc5j2ss61g_h46brvr1pt1c0000gp/T/chromatic--11797-V573cDFsAVKv/[22m[2massets/[22m[36mTransitionGroupContext-By0nxbxo.js          [39m[1m[2m  1.71 kB[22m[1m[22m[2m │ gzip:   0.81 kB[22m
[2m../../../../../../private/var/folders/km/kyc5j2ss61g_h46brvr1pt1c0000gp/T/chromatic--11797-V573cDFsAVKv/[22m[2massets/[22m[36mSelect-DsbIufKn.js                          [39m[1m[2m  1.75 kB[22m[1m[22m[2m │ gzip:   0.88 kB[22m
[2m../../../../../../private/var/folders/km/kyc5j2ss61g_h46brvr1pt1c0000gp/T/chromatic--11797-V573cDFsAVKv/[22m[2massets/[22m[36mSwitch.stories-B5o6jfN7.js                  [39m[1m[2m  1.80 kB[22m[1m[22m[2m │ gzip:   0.81 kB[22m
[2m../../../../../../private/var/folders/km/kyc5j2ss61g_h46brvr1pt1c0000gp/T/chromatic--11797-V573cDFsAVKv/[22m[2massets/[22m[36mCard.stories-mZ2-XWtJ.js                    [39m[1m[2m  1.81 kB[22m[1m[22m[2m │ gzip:   0.76 kB[22m
[2m../../../../../../private/var/folders/km/kyc5j2ss61g_h46brvr1pt1c0000gp/T/chromatic--11797-V573cDFsAVKv/[22m[2massets/[22m[36museSlot-BtzKQK0a.js                         [39m[1m[2m  2.01 kB[22m[1m[22m[2m │ gzip:   0.83 kB[22m
[2m../../../../../../private/var/folders/km/kyc5j2ss61g_h46brvr1pt1c0000gp/T/chromatic--11797-V573cDFsAVKv/[22m[2massets/[22m[36mStepper.stories-6RFKsK_O.js                 [39m[1m[2m  2.06 kB[22m[1m[22m[2m │ gzip:   0.89 kB[22m
[2m../../../../../../private/var/folders/km/kyc5j2ss61g_h46brvr1pt1c0000gp/T/chromatic--11797-V573cDFsAVKv/[22m[2massets/[22m[36mPaper-D3n-GJIU.js                           [39m[1m[2m  2.11 kB[22m[1m[22m[2m │ gzip:   0.96 kB[22m
[2m../../../../../../private/var/folders/km/kyc5j2ss61g_h46brvr1pt1c0000gp/T/chromatic--11797-V573cDFsAVKv/[22m[2massets/[22m[36mpreview-un3G30lO.js                         [39m[1m[2m  2.22 kB[22m[1m[22m[2m │ gzip:   1.21 kB[22m
[2m../../../../../../private/var/folders/km/kyc5j2ss61g_h46brvr1pt1c0000gp/T/chromatic--11797-V573cDFsAVKv/[22m[2massets/[22m[36mStepper-eGN-aVT2.js                         [39m[1m[2m  2.23 kB[22m[1m[22m[2m │ gzip:   1.12 kB[22m
[2m../../../../../../private/var/folders/km/kyc5j2ss61g_h46brvr1pt1c0000gp/T/chromatic--11797-V573cDFsAVKv/[22m[2massets/[22m[36mBarChart.stories-Cm_tyOoS.js                [39m[1m[2m  2.45 kB[22m[1m[22m[2m │ gzip:   0.88 kB[22m
[2m../../../../../../private/var/folders/km/kyc5j2ss61g_h46brvr1pt1c0000gp/T/chromatic--11797-V573cDFsAVKv/[22m[2massets/[22m[36mSidebar.stories-ZmR-Oa6d.js                 [39m[1m[2m  2.52 kB[22m[1m[22m[2m │ gzip:   1.03 kB[22m
[2m../../../../../../private/var/folders/km/kyc5j2ss61g_h46brvr1pt1c0000gp/T/chromatic--11797-V573cDFsAVKv/[22m[2massets/[22m[36mTabs.stories-CHKpOJOc.js                    [39m[1m[2m  2.65 kB[22m[1m[22m[2m │ gzip:   1.07 kB[22m
[2m../../../../../../private/var/folders/km/kyc5j2ss61g_h46brvr1pt1c0000gp/T/chromatic--11797-V573cDFsAVKv/[22m[2massets/[22m[36mProgressBar.stories-ZYNch8Qd.js             [39m[1m[2m  2.68 kB[22m[1m[22m[2m │ gzip:   1.05 kB[22m
[2m../../../../../../private/var/folders/km/kyc5j2ss61g_h46brvr1pt1c0000gp/T/chromatic--11797-V573cDFsAVKv/[22m[2massets/[22m[36mStatTile.stories-DtnLsDFq.js                [39m[1m[2m  2.68 kB[22m[1m[22m[2m │ gzip:   1.09 kB[22m
[2m../../../../../../private/var/folders/km/kyc5j2ss61g_h46brvr1pt1c0000gp/T/chromatic--11797-V573cDFsAVKv/[22m[2massets/[22m[36mTypography-DDCuLGNG.js                      [39m[1m[2m  2.80 kB[22m[1m[22m[2m │ gzip:   1.27 kB[22m
[2m../../../../../../private/var/folders/km/kyc5j2ss61g_h46brvr1pt1c0000gp/T/chromatic--11797-V573cDFsAVKv/[22m[2massets/[22m[36mAvatar.stories-DxpzcVdS.js                  [39m[1m[2m  2.80 kB[22m[1m[22m[2m │ gzip:   1.06 kB[22m
[2m../../../../../../private/var/folders/km/kyc5j2ss61g_h46brvr1pt1c0000gp/T/chromatic--11797-V573cDFsAVKv/[22m[2massets/[22m[36mcreateSvgIcon-BbTgi6Qg.js                   [39m[1m[2m  2.89 kB[22m[1m[22m[2m │ gzip:   1.31 kB[22m
[2m../../../../../../private/var/folders/km/kyc5j2ss61g_h46brvr1pt1c0000gp/T/chromatic--11797-V573cDFsAVKv/[22m[2massets/[22m[36mStatusPill.stories-P3MljzwO.js              [39m[1m[2m  2.93 kB[22m[1m[22m[2m │ gzip:   0.98 kB[22m
[2m../../../../../../private/var/folders/km/kyc5j2ss61g_h46brvr1pt1c0000gp/T/chromatic--11797-V573cDFsAVKv/[22m[2massets/[22m[36mInput.stories-DJCWHoy5.js                   [39m[1m[2m  2.94 kB[22m[1m[22m[2m │ gzip:   1.17 kB[22m
[2m../../../../../../private/var/folders/km/kyc5j2ss61g_h46brvr1pt1c0000gp/T/chromatic--11797-V573cDFsAVKv/[22m[2massets/[22m[36mChip.stories-CZNX2W59.js                    [39m[1m[2m  3.11 kB[22m[1m[22m[2m │ gzip:   1.33 kB[22m
[2m../../../../../../private/var/folders/km/kyc5j2ss61g_h46brvr1pt1c0000gp/T/chromatic--11797-V573cDFsAVKv/[22m[2massets/[22m[36mSkeleton.stories-B7oYvEyJ.js                [39m[1m[2m  3.12 kB[22m[1m[22m[2m │ gzip:   1.06 kB[22m
[2m../../../../../../private/var/folders/km/kyc5j2ss61g_h46brvr1pt1c0000gp/T/chromatic--11797-V573cDFsAVKv/[22m[2massets/[22m[36mCircularProgress-iRM_u2k9.js                [39m[1m[2m  3.28 kB[22m[1m[22m[2m │ gzip:   1.39 kB[22m
[2m../../../../../../private/var/folders/km/kyc5j2ss61g_h46brvr1pt1c0000gp/T/chromatic--11797-V573cDFsAVKv/[22m[2massets/[22m[36mPageHeader.stories-fwwp7_sm.js              [39m[1m[2m  3.45 kB[22m[1m[22m[2m │ gzip:   1.34 kB[22m
[2m../../../../../../private/var/folders/km/kyc5j2ss61g_h46brvr1pt1c0000gp/T/chromatic--11797-V573cDFsAVKv/[22m[2massets/[22m[36mmock-dashboard-cv1qqYbH.js                  [39m[1m[2m  3.48 kB[22m[1m[22m[2m │ gzip:   1.12 kB[22m
[2m../../../../../../private/var/folders/km/kyc5j2ss61g_h46brvr1pt1c0000gp/T/chromatic--11797-V573cDFsAVKv/[22m[2massets/[22m[36mpreview-DD_OYowb.js                         [39m[1m[2m  3.51 kB[22m[1m[22m[2m │ gzip:   1.69 kB[22m
[2m../../../../../../private/var/folders/km/kyc5j2ss61g_h46brvr1pt1c0000gp/T/chromatic--11797-V573cDFsAVKv/[22m[2massets/[22m[36mBanner.stories-HYnz0Vzy.js                  [39m[1m[2m  3.60 kB[22m[1m[22m[2m │ gzip:   1.47 kB[22m
[2m../../../../../../private/var/folders/km/kyc5j2ss61g_h46brvr1pt1c0000gp/T/chromatic--11797-V573cDFsAVKv/[22m[2massets/[22m[36mIconButton.stories-CwVN9be3.js              [39m[1m[2m  3.67 kB[22m[1m[22m[2m │ gzip:   1.33 kB[22m
[2m../../../../../../private/var/folders/km/kyc5j2ss61g_h46brvr1pt1c0000gp/T/chromatic--11797-V573cDFsAVKv/[22m[2massets/[22m[36mmemoTheme-C16JK1Vz.js                       [39m[1m[2m  3.77 kB[22m[1m[22m[2m │ gzip:   1.68 kB[22m
[2m../../../../../../private/var/folders/km/kyc5j2ss61g_h46brvr1pt1c0000gp/T/chromatic--11797-V573cDFsAVKv/[22m[2massets/[22m[36mIconButton-CMICDAZY.js                      [39m[1m[2m  3.83 kB[22m[1m[22m[2m │ gzip:   1.55 kB[22m
[2m../../../../../../private/var/folders/km/kyc5j2ss61g_h46brvr1pt1c0000gp/T/chromatic--11797-V573cDFsAVKv/[22m[2massets/[22m[36mindex-C5AfGWNI.js                           [39m[1m[2m  3.87 kB[22m[1m[22m[2m │ gzip:   1.53 kB[22m
[2m../../../../../../private/var/folders/km/kyc5j2ss61g_h46brvr1pt1c0000gp/T/chromatic--11797-V573cDFsAVKv/[22m[2massets/[22m[36mSelect.stories-Blpoftck.js                  [39m[1m[2m  3.90 kB[22m[1m[22m[2m │ gzip:   1.51 kB[22m
[2m../../../../../../private/var/folders/km/kyc5j2ss61g_h46brvr1pt1c0000gp/T/chromatic--11797-V573cDFsAVKv/[22m[2massets/[22m[36mServiceCard.stories-CyBNg4JX.js             [39m[1m[2m  3.92 kB[22m[1m[22m[2m │ gzip:   1.67 kB[22m
[2m../../../../../../private/var/folders/km/kyc5j2ss61g_h46brvr1pt1c0000gp/T/chromatic--11797-V573cDFsAVKv/[22m[2massets/[22m[36mButton.stories-BDByP8yk.js                  [39m[1m[2m  3.99 kB[22m[1m[22m[2m │ gzip:   1.39 kB[22m
[2m../../../../../../private/var/folders/km/kyc5j2ss61g_h46brvr1pt1c0000gp/T/chromatic--11797-V573cDFsAVKv/[22m[2massets/[22m[36memotion-react.browser.esm-CGE2gCga.js       [39m[1m[2m  4.03 kB[22m[1m[22m[2m │ gzip:   1.69 kB[22m
[2m../../../../../../private/var/folders/km/kyc5j2ss61g_h46brvr1pt1c0000gp/T/chromatic--11797-V573cDFsAVKv/[22m[2massets/[22m[36mMenuItem-Qg-oaRfK.js                        [39m[1m[2m  4.21 kB[22m[1m[22m[2m │ gzip:   1.65 kB[22m
[2m../../../../../../private/var/folders/km/kyc5j2ss61g_h46brvr1pt1c0000gp/T/chromatic--11797-V573cDFsAVKv/[22m[2massets/[22m[36mBarChart-BCey8W0k.js                        [39m[1m[2m  4.26 kB[22m[1m[22m[2m │ gzip:   1.92 kB[22m
[2m../../../../../../private/var/folders/km/kyc5j2ss61g_h46brvr1pt1c0000gp/T/chromatic--11797-V573cDFsAVKv/[22m[2massets/[22m[36mMenu.stories-DYCJ5M96.js                    [39m[1m[2m  4.48 kB[22m[1m[22m[2m │ gzip:   1.62 kB[22m
[2m../../../../../../private/var/folders/km/kyc5j2ss61g_h46brvr1pt1c0000gp/T/chromatic--11797-V573cDFsAVKv/[22m[2massets/[22m[36mSidebar-DV-6LmZs.js                         [39m[1m[2m  4.57 kB[22m[1m[22m[2m │ gzip:   1.69 kB[22m
[2m../../../../../../private/var/folders/km/kyc5j2ss61g_h46brvr1pt1c0000gp/T/chromatic--11797-V573cDFsAVKv/[22m[2massets/[22m[36mDrawer.stories-CtGkfmE0.js                  [39m[1m[2m  4.77 kB[22m[1m[22m[2m │ gzip:   1.55 kB[22m
[2m../../../../../../private/var/folders/km/kyc5j2ss61g_h46brvr1pt1c0000gp/T/chromatic--11797-V573cDFsAVKv/[22m[2massets/[22m[36mDashboardSection.stories-DudQOkSA.js        [39m[1m[2m  4.85 kB[22m[1m[22m[2m │ gzip:   1.92 kB[22m
[2m../../../../../../private/var/folders/km/kyc5j2ss61g_h46brvr1pt1c0000gp/T/chromatic--11797-V573cDFsAVKv/[22m[2massets/[22m[36mpreview-B8lJiyuQ.js                         [39m[1m[2m  5.06 kB[22m[1m[22m[2m │ gzip:   1.88 kB[22m
[2m../../../../../../private/var/folders/km/kyc5j2ss61g_h46brvr1pt1c0000gp/T/chromatic--11797-V573cDFsAVKv/[22m[2massets/[22m[36mDialog.stories-B8EWmENc.js                  [39m[1m[2m  5.25 kB[22m[1m[22m[2m │ gzip:   1.57 kB[22m
[2m../../../../../../private/var/folders/km/kyc5j2ss61g_h46brvr1pt1c0000gp/T/chromatic--11797-V573cDFsAVKv/[22m[2massets/[22m[36mWizardShell.stories-D1HyoL4K.js             [39m[1m[2m  5.74 kB[22m[1m[22m[2m │ gzip:   2.16 kB[22m
[2m../../../../../../private/var/folders/km/kyc5j2ss61g_h46brvr1pt1c0000gp/T/chromatic--11797-V573cDFsAVKv/[22m[2massets/[22m[36mDashboardCAPs.stories-WhJ0y7yx.js           [39m[1m[2m  5.87 kB[22m[1m[22m[2m │ gzip:   2.52 kB[22m
[2m../../../../../../private/var/folders/km/kyc5j2ss61g_h46brvr1pt1c0000gp/T/chromatic--11797-V573cDFsAVKv/[22m[2massets/[22m[36mStep1Service.stories-BS7n2KDv.js            [39m[1m[2m  5.95 kB[22m[1m[22m[2m │ gzip:   2.58 kB[22m
[2m../../../../../../private/var/folders/km/kyc5j2ss61g_h46brvr1pt1c0000gp/T/chromatic--11797-V573cDFsAVKv/[22m[2massets/[22m[36mDashboardCountryOps.stories-DQiMgUih.js     [39m[1m[2m  6.49 kB[22m[1m[22m[2m │ gzip:   2.62 kB[22m
[2m../../../../../../private/var/folders/km/kyc5j2ss61g_h46brvr1pt1c0000gp/T/chromatic--11797-V573cDFsAVKv/[22m[2massets/[22m[36mMenu-CcEJf4WI.js                            [39m[1m[2m  6.75 kB[22m[1m[22m[2m │ gzip:   2.48 kB[22m
[2m../../../../../../private/var/folders/km/kyc5j2ss61g_h46brvr1pt1c0000gp/T/chromatic--11797-V573cDFsAVKv/[22m[2massets/[22m[36mStep2Setup.stories-NaDA17-u.js              [39m[1m[2m  6.83 kB[22m[1m[22m[2m │ gzip:   2.70 kB[22m
[2m../../../../../../private/var/folders/km/kyc5j2ss61g_h46brvr1pt1c0000gp/T/chromatic--11797-V573cDFsAVKv/[22m[2massets/[22m[36mStep4Portals.stories-_Br6Wr24.js            [39m[1m[2m  7.25 kB[22m[1m[22m[2m │ gzip:   2.93 kB[22m
[2m../../../../../../private/var/folders/km/kyc5j2ss61g_h46brvr1pt1c0000gp/T/chromatic--11797-V573cDFsAVKv/[22m[2massets/[22m[36mDashboardPayouts.stories-DxgbkP13.js        [39m[1m[2m  7.37 kB[22m[1m[22m[2m │ gzip:   2.86 kB[22m
[2m../../../../../../private/var/folders/km/kyc5j2ss61g_h46brvr1pt1c0000gp/T/chromatic--11797-V573cDFsAVKv/[22m[2massets/[22m[36mStep5Review.stories-CQ_RNcEx.js             [39m[1m[2m  7.60 kB[22m[1m[22m[2m │ gzip:   2.98 kB[22m
[2m../../../../../../private/var/folders/km/kyc5j2ss61g_h46brvr1pt1c0000gp/T/chromatic--11797-V573cDFsAVKv/[22m[2massets/[22m[36mpreview-BWzBA1C2.js                         [39m[1m[2m  7.62 kB[22m[1m[22m[2m │ gzip:   1.56 kB[22m
[2m../../../../../../private/var/folders/km/kyc5j2ss61g_h46brvr1pt1c0000gp/T/chromatic--11797-V573cDFsAVKv/[22m[2massets/[22m[36mOfferThemeEditor.stories-BFTqrRwv.js        [39m[1m[2m  7.86 kB[22m[1m[22m[2m │ gzip:   3.05 kB[22m
[2m../../../../../../private/var/folders/km/kyc5j2ss61g_h46brvr1pt1c0000gp/T/chromatic--11797-V573cDFsAVKv/[22m[2massets/[22m[36mpreview-BBWR9nbA.js                         [39m[1m[2m  8.12 kB[22m[1m[22m[2m │ gzip:   3.10 kB[22m
[2m../../../../../../private/var/folders/km/kyc5j2ss61g_h46brvr1pt1c0000gp/T/chromatic--11797-V573cDFsAVKv/[22m[2massets/[22m[36mindex-CcqwZOYG.js                           [39m[1m[2m  8.21 kB[22m[1m[22m[2m │ gzip:   3.24 kB[22m
[2m../../../../../../private/var/folders/km/kyc5j2ss61g_h46brvr1pt1c0000gp/T/chromatic--11797-V573cDFsAVKv/[22m[2massets/[22m[36mSwitch-D4Wl74aB.js                          [39m[1m[2m  9.30 kB[22m[1m[22m[2m │ gzip:   3.29 kB[22m
[2m../../../../../../private/var/folders/km/kyc5j2ss61g_h46brvr1pt1c0000gp/T/chromatic--11797-V573cDFsAVKv/[22m[2massets/[22m[36mStep3Offers.stories-DpnoDLXV.js             [39m[1m[2m  9.52 kB[22m[1m[22m[2m │ gzip:   3.60 kB[22m
[2m../../../../../../private/var/folders/km/kyc5j2ss61g_h46brvr1pt1c0000gp/T/chromatic--11797-V573cDFsAVKv/[22m[2massets/[22m[36mDialog-DnEXgUrj.js                          [39m[1m[2m 10.28 kB[22m[1m[22m[2m │ gzip:   3.48 kB[22m
[2m../../../../../../private/var/folders/km/kyc5j2ss61g_h46brvr1pt1c0000gp/T/chromatic--11797-V573cDFsAVKv/[22m[2massets/[22m[36mChip-bN2hkEMB.js                            [39m[1m[2m 11.33 kB[22m[1m[22m[2m │ gzip:   3.47 kB[22m
[2m../../../../../../private/var/folders/km/kyc5j2ss61g_h46brvr1pt1c0000gp/T/chromatic--11797-V573cDFsAVKv/[22m[2massets/[22m[36mButtonBase-BDD6SbNc.js                      [39m[1m[2m 11.63 kB[22m[1m[22m[2m │ gzip:   4.58 kB[22m
[2m../../../../../../private/var/folders/km/kyc5j2ss61g_h46brvr1pt1c0000gp/T/chromatic--11797-V573cDFsAVKv/[22m[2massets/[22m[36mButton-Dk4Z31bQ.js                          [39m[1m[2m 11.90 kB[22m[1m[22m[2m │ gzip:   3.38 kB[22m
[2m../../../../../../private/var/folders/km/kyc5j2ss61g_h46brvr1pt1c0000gp/T/chromatic--11797-V573cDFsAVKv/[22m[2massets/[22m[36mMenu-e63IiOKi.js                            [39m[1m[2m 12.94 kB[22m[1m[22m[2m │ gzip:   4.97 kB[22m
[2m../../../../../../private/var/folders/km/kyc5j2ss61g_h46brvr1pt1c0000gp/T/chromatic--11797-V573cDFsAVKv/[22m[2massets/[22m[36mInput-9ldQcSpv.js                           [39m[1m[2m 13.76 kB[22m[1m[22m[2m │ gzip:   4.76 kB[22m
[2m../../../../../../private/var/folders/km/kyc5j2ss61g_h46brvr1pt1c0000gp/T/chromatic--11797-V573cDFsAVKv/[22m[2massets/[22m[36mModal-BR-b40KM.js                           [39m[1m[2m 17.97 kB[22m[1m[22m[2m │ gzip:   6.58 kB[22m
[2m../../../../../../private/var/folders/km/kyc5j2ss61g_h46brvr1pt1c0000gp/T/chromatic--11797-V573cDFsAVKv/[22m[2massets/[22m[36mTabs-DKvokG5Q.js                            [39m[1m[2m 18.11 kB[22m[1m[22m[2m │ gzip:   6.35 kB[22m
[2m../../../../../../private/var/folders/km/kyc5j2ss61g_h46brvr1pt1c0000gp/T/chromatic--11797-V573cDFsAVKv/[22m[2massets/[22m[36mpreview-jVvNmcHH.js                         [39m[1m[2m 19.80 kB[22m[1m[22m[2m │ gzip:   7.12 kB[22m
[2m../../../../../../private/var/folders/km/kyc5j2ss61g_h46brvr1pt1c0000gp/T/chromatic--11797-V573cDFsAVKv/[22m[2massets/[22m[36mSkeleton-Cr8OIbOD.js                        [39m[1m[2m 27.11 kB[22m[1m[22m[2m │ gzip:   2.42 kB[22m
[2m../../../../../../private/var/folders/km/kyc5j2ss61g_h46brvr1pt1c0000gp/T/chromatic--11797-V573cDFsAVKv/[22m[2massets/[22m[36mStatTile-B6IrcE5Y.js                        [39m[1m[2m 27.72 kB[22m[1m[22m[2m │ gzip:   2.58 kB[22m
[2m../../../../../../private/var/folders/km/kyc5j2ss61g_h46brvr1pt1c0000gp/T/chromatic--11797-V573cDFsAVKv/[22m[2massets/[22m[36mProgressBar-DbVRUhkP.js                     [39m[1m[2m 27.73 kB[22m[1m[22m[2m │ gzip:   2.68 kB[22m
[2m../../../../../../private/var/folders/km/kyc5j2ss61g_h46brvr1pt1c0000gp/T/chromatic--11797-V573cDFsAVKv/[22m[2massets/[22m[36mAvatar-Bwf2CjY6.js                          [39m[1m[2m 27.88 kB[22m[1m[22m[2m │ gzip:   2.78 kB[22m
[2m../../../../../../private/var/folders/km/kyc5j2ss61g_h46brvr1pt1c0000gp/T/chromatic--11797-V573cDFsAVKv/[22m[2massets/[22m[36mBanner-DEDIOPP7.js                          [39m[1m[2m 28.02 kB[22m[1m[22m[2m │ gzip:   2.70 kB[22m
[2m../../../../../../private/var/folders/km/kyc5j2ss61g_h46brvr1pt1c0000gp/T/chromatic--11797-V573cDFsAVKv/[22m[2massets/[22m[36mStatusPill-CSVfok31.js                      [39m[1m[2m 28.30 kB[22m[1m[22m[2m │ gzip:   2.86 kB[22m
[2m../../../../../../private/var/folders/km/kyc5j2ss61g_h46brvr1pt1c0000gp/T/chromatic--11797-V573cDFsAVKv/[22m[2massets/[22m[36mColor-YHDXOIA2-D8BBMbVF.js                  [39m[1m[2m 29.37 kB[22m[1m[22m[2m │ gzip:  11.07 kB[22m
[2m../../../../../../private/var/folders/km/kyc5j2ss61g_h46brvr1pt1c0000gp/T/chromatic--11797-V573cDFsAVKv/[22m[2massets/[22m[36mmatchers-7Z3WT2CE-T3xScrR7.js               [39m[1m[2m 29.79 kB[22m[1m[22m[2m │ gzip:  10.30 kB[22m
[2m../../../../../../private/var/folders/km/kyc5j2ss61g_h46brvr1pt1c0000gp/T/chromatic--11797-V573cDFsAVKv/[22m[2massets/[22m[36mentry-preview-IfUWJCXk.js                   [39m[1m[2m 29.85 kB[22m[1m[22m[2m │ gzip:   9.56 kB[22m
[2m../../../../../../private/var/folders/km/kyc5j2ss61g_h46brvr1pt1c0000gp/T/chromatic--11797-V573cDFsAVKv/[22m[2massets/[22m[36mDashboardSection-UCo2Exx3.js                [39m[1m[2m 32.64 kB[22m[1m[22m[2m │ gzip:   9.61 kB[22m
[2m../../../../../../private/var/folders/km/kyc5j2ss61g_h46brvr1pt1c0000gp/T/chromatic--11797-V573cDFsAVKv/[22m[2massets/[22m[36mSelect-BRm1y70i.js                          [39m[1m[2m 33.42 kB[22m[1m[22m[2m │ gzip:   9.89 kB[22m
[2m../../../../../../private/var/folders/km/kyc5j2ss61g_h46brvr1pt1c0000gp/T/chromatic--11797-V573cDFsAVKv/[22m[2massets/[22m[36mindex-ClL5Gxbg.js                           [39m[1m[2m 57.15 kB[22m[1m[22m[2m │ gzip:  16.30 kB[22m
[2m../../../../../../private/var/folders/km/kyc5j2ss61g_h46brvr1pt1c0000gp/T/chromatic--11797-V573cDFsAVKv/[22m[2massets/[22m[36mDrawer-BdJ3AMv7.js                          [39m[1m[2m 64.28 kB[22m[1m[22m[2m │ gzip:   6.32 kB[22m
[2m../../../../../../private/var/folders/km/kyc5j2ss61g_h46brvr1pt1c0000gp/T/chromatic--11797-V573cDFsAVKv/[22m[2massets/[22m[36mcreateTheme-YpqabWP9.js                     [39m[1m[2m 65.54 kB[22m[1m[22m[2m │ gzip:  23.61 kB[22m
[2m../../../../../../private/var/folders/km/kyc5j2ss61g_h46brvr1pt1c0000gp/T/chromatic--11797-V573cDFsAVKv/[22m[2massets/[22m[36mclient-BpZSk9_6.js                          [39m[1m[2m180.30 kB[22m[1m[22m[2m │ gzip:  56.76 kB[22m
[2m../../../../../../private/var/folders/km/kyc5j2ss61g_h46brvr1pt1c0000gp/T/chromatic--11797-V573cDFsAVKv/[22m[2massets/[22m[36miframe-DPJY02Ho.js                          [39m[1m[2m218.60 kB[22m[1m[22m[2m │ gzip:  74.41 kB[22m
[2m../../../../../../private/var/folders/km/kyc5j2ss61g_h46brvr1pt1c0000gp/T/chromatic--11797-V573cDFsAVKv/[22m[2massets/[22m[36mentry-preview-docs-CNOX5Kn3.js              [39m[1m[2m244.71 kB[22m[1m[22m[2m │ gzip:  73.45 kB[22m
[2m../../../../../../private/var/folders/km/kyc5j2ss61g_h46brvr1pt1c0000gp/T/chromatic--11797-V573cDFsAVKv/[22m[2massets/[22m[36maxe-D15F9W8j.js                             [39m[1m[33m583.86 kB[39m[22m[2m │ gzip: 160.85 kB[22m
[2m../../../../../../private/var/folders/km/kyc5j2ss61g_h46brvr1pt1c0000gp/T/chromatic--11797-V573cDFsAVKv/[22m[2massets/[22m[36mindex-DeN4tkzB.js                           [39m[1m[33m662.40 kB[39m[22m[2m │ gzip: 157.06 kB[22m
[2m../../../../../../private/var/folders/km/kyc5j2ss61g_h46brvr1pt1c0000gp/T/chromatic--11797-V573cDFsAVKv/[22m[2massets/[22m[36mDocsRenderer-CFRXHY34-DW0dgpzW.js           [39m[1m[33m884.05 kB[39m[22m[2m │ gzip: 275.86 kB[22m
[32m✓ built in 4.25s[39m
info => Preview built ([38;2;181;126;229m5.54 s[39m)
info => Output directory: /private/var/folders/km/kyc5j2ss61g_h46brvr1pt1c0000gp/T/chromatic--11797-V573cDFsAVKv
